// Jest Snapshot v1, https://goo.gl/fbAQLP

exports[`reders correctly 1`] = `
<header>
  <h1
    className="text-center text-5xl py-16"
  >
    "Placeholder title"
  </h1>
</header>
`;
